Application     c:\Users\krl\source\ENERGY\Community\community.ent
Type            ENTRY
Input Data      <<CSPro DB>> C:\Users\krl\source\ENERGY\Data\Community.csdb
<Paradata Log>  c:\Users\krl\source\ENERGY\Community\community.cslog

Date            Feb  5, 2020
Start Time      12:01:20
End Time        12:01:38

CSPRO Process Summary

System messages:

 Number    Frequency   Message text
 ------    ---------   ------------
   1010            1   Application error: protected field %n out of range - value is %f                      
  99990            6   Operator entered a value out of range                                                 

CSPRO Executor Normal End
------------------------------------------------------------------------------------------------------------------------
Application     c:\Users\krl\source\ENERGY\Community\community.ent
Type            ENTRY
Input Data      <<CSPro DB>> c:\Users\krl\source\ENERGY\Data\Community.csdb
<Paradata Log>  c:\Users\krl\source\ENERGY\Community\community.cslog

Date            Feb  5, 2020
Start Time      12:04:55
End Time        12:05:08

CSPRO Process Summary

System messages:

 Number    Frequency   Message text
 ------    ---------   ------------
   1010            1   Application error: protected field %n out of range - value is %f                      
  99990            6   Operator entered a value out of range                                                 

CSPRO Executor Normal End
------------------------------------------------------------------------------------------------------------------------
Application     c:\Users\krl\source\ENERGY\Community\community.ent
Type            ENTRY
Input Data      <<CSPro DB>> c:\Users\krl\source\ENERGY\Data\Community.csdb
<Paradata Log>  c:\Users\krl\source\ENERGY\Community\community.cslog

Date            Feb  5, 2020
Start Time      12:09:13
End Time        12:10:51

CSPRO Process Summary

User unnumbered messages:

   Line    Freq  Pct.  Message text                                                                                Denom
   ----    ----  ----  ------------                                                                                -----
     67       1    -   tr                                                                                              -

CSPRO Executor Normal End
------------------------------------------------------------------------------------------------------------------------
Application     c:\Users\krl\source\ENERGY\Community\community.ent
Type            ENTRY
Input Data      <<CSPro DB>> c:\Users\krl\source\ENERGY\Data\Community.csdb
<Paradata Log>  c:\Users\krl\source\ENERGY\Community\community.cslog

Date            Feb  5, 2020
Start Time      12:16:01
End Time        12:17:12

CSPRO Process Summary

User unnumbered messages:

   Line    Freq  Pct.  Message text                                                                                Denom
   ----    ----  ----  ------------                                                                                -----
     67       1    -   tr                                                                                              -

CSPRO Executor Normal End
------------------------------------------------------------------------------------------------------------------------
